2026-04-03 05:46:37 INFO  c.t.c.s.SbControlturnosApplication - Starting SbControlturnosApplication v0.0.1-SNAPSHOT using Java 17.0.18 with PID 1 (/app/app.jar started by spring in /app)
2026-04-03 05:46:37 INFO  c.t.c.s.SbControlturnosApplication - No active profile set, falling back to 1 default profile: "default"
2026-04-03 05:46:46 INFO  o.s.d.r.c.RepositoryConfigurationDelegate - Bootstrapping Spring Data JPA repositories in DEFAULT mode.
2026-04-03 05:46:48 INFO  o.s.d.r.c.RepositoryConfigurationDelegate - Finished Spring Data repository scanning in 1820 ms. Found 2 JPA repository interfaces.
2026-04-03 05:46:50 INFO  o.s.cloud.context.scope.GenericScope - BeanFactory id=7a771b2d-53c0-3579-bf6d-ba5f943c51d0
2026-04-03 05:46:52 WARN  o.s.c.s.PostProcessorRegistrationDelegate$BeanPostProcessorChecker - Bean 'org.springframework.cloud.client.loadbalancer.LoadBalancerAutoConfiguration$DeferringLoadBalancerInterceptorConfig' of type [org.springframework.cloud.client.loadbalancer.LoadBalancerAutoConfiguration$DeferringLoadBalancerInterceptorConfig] is not eligible for getting processed by all BeanPostProcessors (for example: not eligible for auto-proxying). The currently created BeanPostProcessor [lbRestClientPostProcessor] is declared through a non-static factory method on that class; consider declaring it as static instead.
2026-04-03 05:46:52 WARN  o.s.c.s.PostProcessorRegistrationDelegate$BeanPostProcessorChecker - Bean 'deferringLoadBalancerInterceptor' of type [org.springframework.cloud.client.loadbalancer.DeferringLoadBalancerInterceptor] is not eligible for getting processed by all BeanPostProcessors (for example: not eligible for auto-proxying). Is this bean getting eagerly injected/applied to a currently created BeanPostProcessor [lbRestClientPostProcessor]? Check the corresponding BeanPostProcessor declaration and its dependencies/advisors. If this bean does not have to be post-processed, declare it with ROLE_INFRASTRUCTURE.
2026-04-03 05:46:54 INFO  o.s.b.w.e.tomcat.TomcatWebServer - Tomcat initialized with port 8082 (http)
2026-04-03 05:46:54 INFO  o.a.coyote.http11.Http11NioProtocol - Initializing ProtocolHandler ["http-nio-8082"]
2026-04-03 05:46:54 INFO  o.a.catalina.core.StandardService - Starting service [Tomcat]
2026-04-03 05:46:54 INFO  o.a.catalina.core.StandardEngine - Starting Servlet engine: [Apache Tomcat/10.1.42]
2026-04-03 05:46:55 INFO  o.a.c.c.C.[Tomcat].[localhost].[/] - Initializing Spring embedded WebApplicationContext
2026-04-03 05:46:55 INFO  o.s.b.w.s.c.ServletWebServerApplicationContext - Root WebApplicationContext: initialization completed in 17338 ms
2026-04-03 05:46:57 INFO  o.h.jpa.internal.util.LogHelper - HHH000204: Processing PersistenceUnitInfo [name: default]
2026-04-03 05:46:58 INFO  org.hibernate.Version - HHH000412: Hibernate ORM core version 6.5.3.Final
2026-04-03 05:46:58 INFO  o.h.c.i.RegionFactoryInitiator - HHH000026: Second-level cache disabled
2026-04-03 05:47:01 INFO  o.s.o.j.p.SpringPersistenceUnitInfo - No LoadTimeWeaver setup: ignoring JPA class transformer
2026-04-03 05:47:01 INFO  com.zaxxer.hikari.HikariDataSource - HikariPool-1 - Starting...
2026-04-03 05:47:03 INFO  com.zaxxer.hikari.pool.HikariPool - HikariPool-1 - Added connection org.postgresql.jdbc.PgConnection@5b715ea
2026-04-03 05:47:03 INFO  com.zaxxer.hikari.HikariDataSource - HikariPool-1 - Start completed.
2026-04-03 05:47:03 WARN  org.hibernate.orm.deprecation - HHH90000025: PostgreSQLDialect does not need to be specified explicitly using 'hibernate.dialect' (remove the property setting and it will be selected by default)
2026-04-03 05:47:10 INFO  o.h.e.t.j.p.i.JtaPlatformInitiator - HHH000489: No JTA platform available (set 'hibernate.transaction.jta.platform' to enable JTA platform integration)
2026-04-03 05:47:11 INFO  o.s.o.j.LocalContainerEntityManagerFactoryBean - Initialized JPA EntityManagerFactory for persistence unit 'default'
2026-04-03 05:47:15 INFO  o.s.d.j.r.query.QueryEnhancerFactory - Hibernate is in classpath; If applicable, HQL parser will be used.
2026-04-03 05:47:20 WARN  o.s.b.a.o.j.JpaBaseConfiguration$JpaWebConfiguration - spring.jpa.open-in-view is enabled by default. Therefore, database queries may be performed during view rendering. Explicitly configure spring.jpa.open-in-view to disable this warning
2026-04-03 05:47:20 INFO  o.s.v.b.OptionalValidatorFactoryBean - Failed to set up a Bean Validation provider: jakarta.validation.NoProviderFoundException: Unable to create a Configuration, because no Jakarta Bean Validation provider could be found. Add a provider like Hibernate Validator (RI) to your classpath.
2026-04-03 05:47:24 INFO  o.s.c.n.e.c.DiscoveryClientOptionalArgsConfiguration - Eureka HTTP Client uses RestTemplate.
2026-04-03 05:47:24 WARN  o.s.c.l.c.LoadBalancerCacheAutoConfiguration$LoadBalancerCaffeineWarnLogger - Spring Cloud LoadBalancer is currently working with the default cache. While this cache implementation is useful for development and tests, it's recommended to use Caffeine cache in production.You can switch to using Caffeine cache, by adding it and org.springframework.cache.caffeine.CaffeineCacheManager to the classpath.
2026-04-03 05:47:25 INFO  o.s.c.n.eureka.InstanceInfoFactory - Setting initial instance status as: STARTING
2026-04-03 05:47:25 INFO  c.netflix.discovery.DiscoveryClient - Initializing Eureka in region us-east-1
2026-04-03 05:47:25 INFO  c.n.d.s.r.aws.ConfigClusterResolver - Resolving eureka endpoints via configuration
2026-04-03 05:47:25 INFO  c.netflix.discovery.DiscoveryClient - Disable delta property : false
2026-04-03 05:47:25 INFO  c.netflix.discovery.DiscoveryClient - Single vip registry refresh property : null
2026-04-03 05:47:25 INFO  c.netflix.discovery.DiscoveryClient - Force full registry fetch : false
2026-04-03 05:47:25 INFO  c.netflix.discovery.DiscoveryClient - Application is null : false
2026-04-03 05:47:25 INFO  c.netflix.discovery.DiscoveryClient - Registered Applications size is zero : true
2026-04-03 05:47:25 INFO  c.netflix.discovery.DiscoveryClient - Application version is -1: true
2026-04-03 05:47:25 INFO  c.netflix.discovery.DiscoveryClient - Getting all instance registry info from the eureka server
2026-04-03 05:47:26 INFO  c.netflix.discovery.DiscoveryClient - The response status is 200
2026-04-03 05:47:26 INFO  c.netflix.discovery.DiscoveryClient - Starting heartbeat executor: renew interval is: 30
2026-04-03 05:47:26 INFO  c.n.discovery.InstanceInfoReplicator - InstanceInfoReplicator onDemand update allowed rate per min is 4
2026-04-03 05:47:26 INFO  c.netflix.discovery.DiscoveryClient - Discovery Client initialized at timestamp 1775195246667 with initial instances count: 0
2026-04-03 05:47:26 INFO  o.s.c.n.e.s.EurekaServiceRegistry - Registering application COLABORADOR-SERVICE with eureka with status UP
2026-04-03 05:47:26 INFO  c.netflix.discovery.DiscoveryClient - Saw local status change event StatusChangeEvent [timestamp=1775195246677, current=UP, previous=STARTING]
2026-04-03 05:47:26 INFO  o.a.coyote.http11.Http11NioProtocol - Starting ProtocolHandler ["http-nio-8082"]
2026-04-03 05:47:26 INFO  c.netflix.discovery.DiscoveryClient - DiscoveryClient_COLABORADOR-SERVICE/899ddd4d0061:colaborador-service:8082: registering service...
2026-04-03 05:47:26 INFO  o.s.b.w.e.tomcat.TomcatWebServer - Tomcat started on port 8082 (http) with context path '/'
2026-04-03 05:47:26 INFO  o.s.c.n.e.s.EurekaAutoServiceRegistration - Updating port to 8082
2026-04-03 05:47:26 INFO  c.t.c.s.SbControlturnosApplication - Started SbControlturnosApplication in 58.235 seconds (process running for 64.47)
2026-04-03 05:47:26 INFO  c.netflix.discovery.DiscoveryClient - DiscoveryClient_COLABORADOR-SERVICE/899ddd4d0061:colaborador-service:8082 - registration status: 204
2026-04-03 05:47:56 INFO  c.netflix.discovery.DiscoveryClient - Disable delta property : false
2026-04-03 05:47:56 INFO  c.netflix.discovery.DiscoveryClient - Single vip registry refresh property : null
2026-04-03 05:47:56 INFO  c.netflix.discovery.DiscoveryClient - Force full registry fetch : false
2026-04-03 05:47:56 INFO  c.netflix.discovery.DiscoveryClient - Application is null : false
2026-04-03 05:47:56 INFO  c.netflix.discovery.DiscoveryClient - Registered Applications size is zero : true
2026-04-03 05:47:56 INFO  c.netflix.discovery.DiscoveryClient - Application version is -1: false
2026-04-03 05:47:56 INFO  c.netflix.discovery.DiscoveryClient - Getting all instance registry info from the eureka server
2026-04-03 05:47:56 INFO  c.netflix.discovery.DiscoveryClient - The response status is 200
2026-04-03 05:48:18 INFO  o.a.c.c.C.[Tomcat].[localhost].[/] - Initializing Spring DispatcherServlet 'dispatcherServlet'
2026-04-03 05:48:18 INFO  o.s.web.servlet.DispatcherServlet - Initializing Servlet 'dispatcherServlet'
2026-04-03 05:48:18 INFO  o.s.web.servlet.DispatcherServlet - Completed initialization in 6 ms
